This is a clean, ASCII test log.